C51 COMPILER V9.59.0.0   GP1211AI                                                          05/26/2024 09:56:59 PAGE 1   


C51 COMPILER V9.59.0.0, COMPILATION OF MODULE GP1211AI
OBJECT MODULE PLACED IN .\Objects\GP1211AI.obj
COMPILER INVOKED BY: D:\Software\Keil_v5\C51\BIN\C51.EXE GP1211AI.c OPTIMIZE(8,SPEED) BROWSE DEBUG OBJECTEXTEND PRINT(.\
                    -Listings\GP1211AI.lst) OBJECT(.\Objects\GP1211AI.obj)

line level    source

   1          //////////////////////////////////////////////////////////////////////////////////////
   2          //    o     o  o o o o  o o o           HardWare: Ver3.1  BY DONGFNEG                   //
   3          //    o     o  o        o     o         SoftWare: Ver3.0  BY DONGFENG                   //
   4          //    o     o  o        o     o                 VFD Module   : FUTABA GP1211AI 128*64           //
   5          //    o     o  o o o o  o     o         CONTROL MCU  : STC8H8K                                  //
   6          //     o   o   o        o     o         SYSTEM CLOCK : 44.2368MHz                       //
   7          //       o     o        o o o           Design  Date : 2024/04/30                               //
   8          //                                              E-mail: dongfeng.dream@126.com                  //
   9          //////////////////////////////////////////////////////////////////////////////////////
  10          
  11          #include <STC8H.H>
  12          #include <stdio.h>
  13          #include <string.h>
  14          #include <intrins.h>
  15          
  16          #include "ASC1224.h"
  17          #include "ASC816.h"
  18          #include "ASC57.h"
  19          #include "amp_graph.h"
  20          
  21          #define VFD_CLKG_STROBE() (VFD_CLKG=0,_nop_(),VFD_CLKG=1,_nop_())
  22          #define VFD_LAT_STROBE()  (VFD_LAT =1,_nop_(),VFD_LAT =0,_nop_())
  23          
  24          sbit VFD_BK   = P2^1;   //PWM6
  25          sbit VFD_LAT  = P2^6;
  26          sbit VFD_SIG  = P2^2;
  27          sbit VFD_CLKG = P2^4;
  28          sbit VFD_SIA  = P2^3;                           //MOSI
  29          sbit VFD_CLKA = P2^5;                           //SCLK
  30          
  31          sbit HV_EN    = P0^0;   //
  32          sbit FL_EN    = P0^1;   //
  33          
  34          sbit K_U = P3^4;        //key +
  35          sbit K_D = P3^5;        //key -
  36          sbit K_M = P3^3;    //key menu
  37          
  38          
  39          unsigned char xdata  DP_RAM[8][128];    //显示缓冲
  40          unsigned char xdata  DP_BUF[2064];      //SPI 点阵显示缓
  41          
  42          unsigned char        VFD_GRID_SCAN;
  43          unsigned char       *DP_BUF_POINT;
  44          
  45          bit                              DP_BUF_UPD;        //dot buffer flash necessary flag
  46          
  47          unsigned char xdata Disp_Brt_Data;          //pwm duty , used for display brightness set
  48          
  49          
  50          //---------------------------------------------------------------------------------------//
  51          
  52          void Delay_10mS()               //@44.2368MHz
  53          {
  54   1              unsigned char data i, j, k;
C51 COMPILER V9.59.0.0   GP1211AI                                                          05/26/2024 09:56:59 PAGE 2   

  55   1              i = 3;
  56   1              j = 63;
  57   1              k = 124;
  58   1              do
  59   1              {
  60   2                      do
  61   2                      {
  62   3                              while (--k);
  63   3                      } while (--j);
  64   2              } while (--i);
  65   1      }
  66          
  67          void Delay_100mS()              //@44.2368MHz
  68          {
  69   1              unsigned char data i, j, k;
  70   1              i = 23;
  71   1              j = 113;
  72   1              k = 248;
  73   1              do
  74   1              {
  75   2                      do
  76   2                      {
  77   3                              while (--k);
  78   3                      } while (--j);
  79   2              } while (--i);
  80   1      }
  81          
  82          void Delay_1S()         //@44.2368MHz
  83          {
  84   1              unsigned char data i, j, k;
  85   1              _nop_();
  86   1              i = 225;
  87   1              j = 106;
  88   1              k = 203;
  89   1              do
  90   1              {
  91   2                      do
  92   2                      {
  93   3                              while (--k);
  94   3                      } while (--j);
  95   2              } while (--i);
  96   1      }
  97          
  98          //---------------------------------------------------------------------------------------//
  99          
 100          //---------------------------------------------------------------------------------------//
 101          
 102          
 103          
 104          //---------------------------------------------------------------------------------------//
 105          
 106          void Disp_Buf_Update(void)                      //vfd扫描
 107          {
 108   1              unsigned char i=0;
 109   1              unsigned char VFD_GRID;
 110   1          unsigned char VFD_GRID_TMP=0;                                                                                       
 111   1          unsigned char Dp_Ram_Temp=0;
 112   1          unsigned char Dp_Ram_Base_Addr=0;
 113   1          unsigned char *Dp_Buf_Ptr;
 114   1          
 115   1          Dp_Buf_Ptr = DP_BUF;
 116   1      
C51 COMPILER V9.59.0.0   GP1211AI                                                          05/26/2024 09:56:59 PAGE 3   

 117   1          for(VFD_GRID=0; VFD_GRID<43; VFD_GRID++)
 118   1          {
 119   2                      VFD_GRID_TMP=42-VFD_GRID;
 120   2      
 121   2              Dp_Ram_Base_Addr=(VFD_GRID_TMP>>1)*6;
 122   2              for(i=0;i<8;i++)
 123   2              {
 124   3                              if((bit)(VFD_GRID_TMP&0x01))            //双数列
 125   3                      {
 126   4                                      Dp_Ram_Temp =((DP_RAM[i][Dp_Ram_Base_Addr+5]<<1)&0x02);
 127   4                                      Dp_Ram_Temp|=((DP_RAM[i][Dp_Ram_Base_Addr+4]<<3)&0x08);
 128   4                              Dp_Ram_Temp|=((DP_RAM[i][Dp_Ram_Base_Addr+3]<<5)&0x20);
 129   4                              Dp_Ram_Temp|=((DP_RAM[i][Dp_Ram_Base_Addr+5]<<6)&0x80);
 130   4                              *Dp_Buf_Ptr = Dp_Ram_Temp;
 131   4                              ++Dp_Buf_Ptr;           
 132   4                              Dp_Ram_Temp =   DP_RAM[i][Dp_Ram_Base_Addr+4]     &0x02;
 133   4                              Dp_Ram_Temp|=(((DP_RAM[i][Dp_Ram_Base_Addr+3])<<2)&0x08);
 134   4                              Dp_Ram_Temp|=(((DP_RAM[i][Dp_Ram_Base_Addr+5])<<3)&0x20);
 135   4                              Dp_Ram_Temp|=(((DP_RAM[i][Dp_Ram_Base_Addr+4])<<5)&0x80);
 136   4                                      *Dp_Buf_Ptr = Dp_Ram_Temp;
 137   4                              ++Dp_Buf_Ptr;
 138   4                              Dp_Ram_Temp =(((DP_RAM[i][Dp_Ram_Base_Addr+3])>>1)&0x02);
 139   4                              Dp_Ram_Temp|=   DP_RAM[i][Dp_Ram_Base_Addr+5]     &0x08;
 140   4                              Dp_Ram_Temp|=(((DP_RAM[i][Dp_Ram_Base_Addr+4])<<2)&0x20);
 141   4                              Dp_Ram_Temp|=(((DP_RAM[i][Dp_Ram_Base_Addr+3])<<4)&0x80);
 142   4                      *Dp_Buf_Ptr = Dp_Ram_Temp;
 143   4                              ++Dp_Buf_Ptr;
 144   4                              Dp_Ram_Temp =(((DP_RAM[i][Dp_Ram_Base_Addr+5])>>3)&0x02);
 145   4                              Dp_Ram_Temp|=(((DP_RAM[i][Dp_Ram_Base_Addr+4])>>1)&0x08);
 146   4                              Dp_Ram_Temp|=(((DP_RAM[i][Dp_Ram_Base_Addr+3])<<1)&0x20);
 147   4                              Dp_Ram_Temp|=(((DP_RAM[i][Dp_Ram_Base_Addr+5])<<2)&0x80);
 148   4                      *Dp_Buf_Ptr = Dp_Ram_Temp;
 149   4                              ++Dp_Buf_Ptr;
 150   4                              Dp_Ram_Temp =(((DP_RAM[i][Dp_Ram_Base_Addr+4])>>4)&0x02);
 151   4                              Dp_Ram_Temp|=(((DP_RAM[i][Dp_Ram_Base_Addr+3])>>2)&0x08);
 152   4                              Dp_Ram_Temp|=(((DP_RAM[i][Dp_Ram_Base_Addr+5])>>1)&0x20);
 153   4                              Dp_Ram_Temp|=(((DP_RAM[i][Dp_Ram_Base_Addr+4])<<1)&0x80);    
 154   4                      *Dp_Buf_Ptr = Dp_Ram_Temp;
 155   4                              ++Dp_Buf_Ptr;
 156   4                              Dp_Ram_Temp =(((DP_RAM[i][Dp_Ram_Base_Addr+3])>>5)&0x02);
 157   4                              Dp_Ram_Temp|=(((DP_RAM[i][Dp_Ram_Base_Addr+5])>>4)&0x08);
 158   4                              Dp_Ram_Temp|=(((DP_RAM[i][Dp_Ram_Base_Addr+4])>>2)&0x20);
 159   4                              Dp_Ram_Temp|=   DP_RAM[i][Dp_Ram_Base_Addr+3]     &0x80;
 160   4                      *Dp_Buf_Ptr = Dp_Ram_Temp;
 161   4                              ++Dp_Buf_Ptr;
 162   4                      }
 163   3                      else                                                            //单数列
 164   3                      {
 165   4                                      Dp_Ram_Temp = DP_RAM[i][Dp_Ram_Base_Addr+0]   &0x01;
 166   4                              Dp_Ram_Temp|=(DP_RAM[i][Dp_Ram_Base_Addr+1]<<2&0x04);
 167   4                              Dp_Ram_Temp|=(DP_RAM[i][Dp_Ram_Base_Addr+2]<<4&0x10);
 168   4                      Dp_Ram_Temp|=(DP_RAM[i][Dp_Ram_Base_Addr+0]<<5&0x40);
 169   4                      *Dp_Buf_Ptr = Dp_Ram_Temp;
 170   4                              ++Dp_Buf_Ptr;
 171   4                      Dp_Ram_Temp =(DP_RAM[i][Dp_Ram_Base_Addr+1]>>1&0x01);
 172   4                      Dp_Ram_Temp|=(DP_RAM[i][Dp_Ram_Base_Addr+2]<<1&0x04);
 173   4                              Dp_Ram_Temp|=(DP_RAM[i][Dp_Ram_Base_Addr+0]<<2&0x10);
 174   4                      Dp_Ram_Temp|=(DP_RAM[i][Dp_Ram_Base_Addr+1]<<4&0x40);
 175   4                      *Dp_Buf_Ptr = Dp_Ram_Temp;
 176   4                              ++Dp_Buf_Ptr;
 177   4                      Dp_Ram_Temp =(DP_RAM[i][Dp_Ram_Base_Addr+2]>>2&0x01);
 178   4                              Dp_Ram_Temp|=(DP_RAM[i][Dp_Ram_Base_Addr+0]>>1&0x04);
C51 COMPILER V9.59.0.0   GP1211AI                                                          05/26/2024 09:56:59 PAGE 4   

 179   4                      Dp_Ram_Temp|=(DP_RAM[i][Dp_Ram_Base_Addr+1]<<1&0x10);
 180   4                      Dp_Ram_Temp|=(DP_RAM[i][Dp_Ram_Base_Addr+2]<<3&0x40);
 181   4                      *Dp_Buf_Ptr = Dp_Ram_Temp;
 182   4                              ++Dp_Buf_Ptr;
 183   4                      Dp_Ram_Temp =(DP_RAM[i][Dp_Ram_Base_Addr+0]>>4&0x01);
 184   4                                      Dp_Ram_Temp|=(DP_RAM[i][Dp_Ram_Base_Addr+1]>>2&0x04);
 185   4                      Dp_Ram_Temp|= DP_RAM[i][Dp_Ram_Base_Addr+2]   &0x10;
 186   4                      Dp_Ram_Temp|=(DP_RAM[i][Dp_Ram_Base_Addr+0]<<1&0x40);
 187   4                      *Dp_Buf_Ptr = Dp_Ram_Temp;
 188   4                              ++Dp_Buf_Ptr;
 189   4                      Dp_Ram_Temp =(DP_RAM[i][Dp_Ram_Base_Addr+1]>>5&0x01);
 190   4                              Dp_Ram_Temp|=(DP_RAM[i][Dp_Ram_Base_Addr+2]>>3&0x04);  
 191   4                              Dp_Ram_Temp|=(DP_RAM[i][Dp_Ram_Base_Addr+0]>>2&0x10);
 192   4                      Dp_Ram_Temp|= DP_RAM[i][Dp_Ram_Base_Addr+1]   &0x40;
 193   4                      *Dp_Buf_Ptr = Dp_Ram_Temp;
 194   4                              ++Dp_Buf_Ptr;
 195   4                      Dp_Ram_Temp =(DP_RAM[i][Dp_Ram_Base_Addr+2]>>6&0x01);
 196   4                              Dp_Ram_Temp|=(DP_RAM[i][Dp_Ram_Base_Addr+0]>>5&0x04);
 197   4                                      Dp_Ram_Temp|=(DP_RAM[i][Dp_Ram_Base_Addr+1]>>3&0x10);   
 198   4                                      Dp_Ram_Temp|=(DP_RAM[i][Dp_Ram_Base_Addr+2]>>1&0x40);
 199   4                      *Dp_Buf_Ptr = Dp_Ram_Temp;
 200   4                              ++Dp_Buf_Ptr;                            
 201   4                      }       
 202   3              }       
 203   2          }
 204   1      }
 205          
 206          
 207          //Display a 5*7 dots ASCII charactor at position (VFD_X,VFD_Y)
 208          void VFD_DISP_ASC57(unsigned char VFD_X,unsigned char VFD_Y,unsigned char DAT)
 209          {
 210   1              unsigned char i;
 211   1              for(i=0;i<5;i++)
 212   1              {
 213   2                      DP_RAM[VFD_X][VFD_Y*8+i] = ASC57[((DAT-0x20)*5)+i];
 214   2              }
 215   1      }
 216          
 217          //Display 5*7 dots ASCII charactor string started at position (VFD_X,VFD_Y)
 218          void VFD_DISP_ASC57_STR(unsigned char VFD_X,unsigned char VFD_Y,unsigned char *STR)
 219          {
 220   1              while(*STR)
 221   1              {
 222   2                      VFD_DISP_ASC57(VFD_X,VFD_Y++,*STR++);
 223   2              }
 224   1      }
 225          
 226          
 227          //Display a 8*16 dots ASCII charactor at position (VFD_X,VFD_Y)
 228          void VFD_DISP_ASC816(unsigned char VFD_X,unsigned char VFD_Y,unsigned char DAT)
 229          {
 230   1              unsigned char i;
 231   1              for(i=0;i<8;i++)
 232   1              {
 233   2                      DP_RAM[VFD_X*2][VFD_Y*8+i] = ASC816[((DAT-0x20)<<4)+i];
 234   2                      DP_RAM[VFD_X*2+1][VFD_Y*8+i] = ASC816[((DAT-0x20)<<4)+8+i];
 235   2              }
 236   1      }
 237          
 238          //Display 8*16 dots ASCII charactor string started at position (VFD_X,VFD_Y)
 239          void VFD_DISP_ASC816_STR(unsigned char VFD_X,unsigned char VFD_Y,unsigned char *STR)
 240          {
C51 COMPILER V9.59.0.0   GP1211AI                                                          05/26/2024 09:56:59 PAGE 5   

 241   1              while(*STR)
 242   1              {
 243   2                      VFD_DISP_ASC816(VFD_X,VFD_Y++,*STR++);
 244   2              }
 245   1      }
 246          
 247          //Display a 12*24 dots ASCII charactor at position (VFD_X,VFD_Y) , location by dot
 248          void VFD_DISP_ASC1224(unsigned char VFD_X,unsigned char VFD_Y,unsigned char DAT)
 249          {
 250   1              unsigned char i;
 251   1              for(i=0;i<12;i++)
 252   1              {
 253   2                      DP_RAM[VFD_X][VFD_Y+i] = ASC1224[((DAT-0x20)*36)+i];
 254   2                      DP_RAM[VFD_X+1][VFD_Y+i] = ASC1224[((DAT-0x20)*36)+12+i];
 255   2                      DP_RAM[VFD_X+2][VFD_Y+i] = ASC1224[((DAT-0x20)*36)+24+i];
 256   2              }
 257   1      }
 258          
 259          //Display 12*24 dots ASCII charactor string started at position (VFD_X,VFD_Y)
 260          void VFD_DISP_ASC1224_STR(unsigned char VFD_X,unsigned char VFD_Y,unsigned char *STR)
 261          {
 262   1              while(*STR)
 263   1              {
 264   2                      VFD_DISP_ASC1224(VFD_X,VFD_Y,*STR++);
 265   2                      VFD_Y=VFD_Y+12;
 266   2              }
 267   1      }
 268          
 269          //Write a 32*32 dots picture to display buffer
 270          void VFD_DISP_PIC_3232(unsigned char LCD_X,unsigned char LCD_Y,unsigned char *dat)                      
 271          {
 272   1          unsigned char i = 0;
 273   1          unsigned char j = 0;
 274   1          for(i = 0;i <4 ;i++)
 275   1          {
 276   2              for(j = 0;j < 32;j++)
 277   2              {
 278   3                  DP_RAM[LCD_X+i][LCD_Y+j] = *dat;
 279   3                  dat++;
 280   3              }
 281   2          }
 282   1      }
 283          
 284          //Write a 16*16 dots picture to display buffer
 285          void VFD_DISP_PIC_1616(unsigned char LCD_X,unsigned char LCD_Y,unsigned char *dat)                      
 286          {
 287   1          unsigned char i = 0;
 288   1          unsigned char j = 0;
 289   1          for(i = 0;i <2 ;i++)
 290   1          {
 291   2              for(j = 0;j < 16;j++)
 292   2              {
 293   3                  DP_RAM[LCD_X+i][LCD_Y+j] = *dat;
 294   3                  dat++;
 295   3              }
 296   2          }
 297   1      }
 298          
 299          //Write a 128*64 dots picture to display buffer
 300          void VFD_DISP_PIC_12864(unsigned char *dat)                     
 301          {
 302   1          unsigned char i = 0;
C51 COMPILER V9.59.0.0   GP1211AI                                                          05/26/2024 09:56:59 PAGE 6   

 303   1          unsigned char j = 0;
 304   1          for(i = 0;i <8 ;i++)
 305   1          {
 306   2              for(j = 0;j < 128;j++)
 307   2              {
 308   3                  DP_RAM[i][j] = *dat;
 309   3                  dat++;
 310   3              }
 311   2          }
 312   1      }
 313          
 314          //Clear the display ram
 315          void DP_RAM_CLR(void)                           
 316          {
 317   1          unsigned char i = 0;
 318   1          unsigned char j = 0;
 319   1      
 320   1          for(i = 0;i < 8;i++)
 321   1          {
 322   2              for(j = 0;j < 128;j++)
 323   2              {
 324   3                  DP_RAM[i][j] = 0x00;
 325   3              }
 326   2          }
 327   1              DP_BUF_UPD = 1;
 328   1      }
 329          
 330          //---------------------------------------------------------------------------------------//
 331          
 332          
 333          
 334          //Timer0 used for VFD refresh
 335          void Timer_0_Svr(void) interrupt 1
 336          {
 337   1              unsigned char cycle_cnt = 48;
 338   1              if(VFD_GRID_SCAN==0)
 339   1              {
 340   2                      DP_BUF_POINT  = DP_BUF;
 341   2                      VFD_GRID_SCAN = 43;
 342   2                      
 343   2                      VFD_SIG=1;
 344   2                      VFD_CLKG_STROBE();
 345   2                      VFD_CLKG_STROBE();
 346   2                      VFD_SIG=0;
 347   2                      VFD_CLKG_STROBE();
 348   2                      VFD_CLKG_STROBE();
 349   2                      VFD_CLKG_STROBE();
 350   2              }
 351   1              
 352   1          while((cycle_cnt--)>0)
 353   1              {       
 354   2                      SPDAT = *DP_BUF_POINT++;                //write data to send buffer
 355   2                      while (!(SPSTAT&0x80)); 
 356   2              SPSTAT = 0xc0; 
 357   2              }
 358   1              VFD_CLKG_STROBE();              
 359   1              PWMB_CCR6  = 0; 
 360   1              VFD_LAT_STROBE();
 361   1              PWMB_CCR6  = Disp_Brt_Data; //Disp_Brt_Data;VFD_BK=0;
 362   1              --VFD_GRID_SCAN;
 363   1      }
 364          //---------------------------------------------------------------------------------------//
C51 COMPILER V9.59.0.0   GP1211AI                                                          05/26/2024 09:56:59 PAGE 7   

 365          
 366          
 367          
 368          //---------------------------------------------------------------------------------------//
 369          
 370          void Gpio_Init(void)
 371          {
 372   1          //0.4 0.7push pull , others standard
 373   1          P0M0 = 0x03; P0M1 = 0x00; 
 374   1          //1.0~1 standard , 1.2 push pull , 1.3~5 standard , 1.6~7push-pull 
 375   1          P1M0 = 0x00; P1M1 = 0x00; 
 376   1          //2.0~3 5~7 push-pull , 2.4 standard
 377   1          P2M0 = 0x00; P2M1 = 0x00; //P2PU = 0x00; P2SR = 0x00;
 378   1          //3.0~2 standard , 3.3~7 push-pull
 379   1          P3M0 = 0x00; P3M1 = 0x00;
 380   1          //4.1~4 push pull , others standard
 381   1          P4M0 = 0x00; P4M1 = 0x00; 
 382   1          //5.4 push pull , others standard
 383   1          P5M0 = 0x00; P5M1 = 0x00;
 384   1          //6.7~5 push pull , others standard
 385   1          P6M0 = 0x00; P6M1 = 0x00;
 386   1          //7.0~5 pull pull , others standard
 387   1          P7M0 = 0x00; P7M1 = 0x00;
 388   1      }
 389          
 390          void Port_Switch(void)
 391          {
 392   1          //| P_SW1 | addr | 7 | 6 | 5 | 4 | 3 | 2 | 1 | 0 |
 393   1          //|                   | A2H  | S1_S  | - | - | SPI_S | 0 | - |
 394   1          //| set value    | 0 | 0 | 0 | 0 | 0 | 1 | 0 | 0 |
 395   1          //uart 1 using P3.0 and P3.1 , spi using P2.2 P2.3 P2.4 P2.5
 396   1          P_SW1 = 0x04;       
 397   1      
 398   1          //| P_SW2 | addr |   7   | 6 | 5 | 4 |    3   |   2  |   1  |   0  |
 399   1          //|       | BAH  | EAXFR | - | I2C_S | CMPO_S | S4_S | S3_S | S2_S |
 400   1          //| set value    |   1   | 0 | 0 | 0 |    0   |   1  |   1  |   1  |
 401   1          //uart 4 using P5.2 P5.3 , uart 3 using P5.0 P5.1 , uart 2 using P4.6 P4.7
 402   1          //P_SW2 = 0x87;
 403   1      
 404   1          //| PWMB_PS | addr | 7 | 6 | 5 | 4 | 3 | 2 | 1 | 0 |
 405   1          //|         | feb6 |  C8PS |  C7PS |  C6PS |  C5PS |
 406   1          //| set valude     | 0 | 0 | 0 | 0 | 1 | 1 | 1 | 1 |
 407   1          //PWM5 switched to P7.4 , PWM6 switched to P7.5
 408   1          //PWMB_PS = 0x0f;
 409   1      }
 410          
 411          void Pwm_Init(void)
 412          {
 413   1              P_SW2 |= 0x80;
 414   1          PWMB_CCER1 = 0x00;                          //写CCMRx前必须先清零CCERx关闭通道
 415   1          PWMB_CCMR1 = 0x60;                          //设置CC5为PWMA输出模式
 416   1              PWMB_CCMR2 = 0x70;                                                      //设置CC6为PWMA输出模式 
 417   1          PWMB_CCER1 = 0x11;                          //使能CC6 CC5通道
 418   1          PWMB_CCR5  = Disp_Brt_Data;                 //设置占空比时间
 419   1              PWMB_CCR6  = Disp_Brt_Data;                 //设置占空比时间
 420   1          PWM2_PSCR  = 2; 
 421   1          PWMB_ARR = 200;                             //设置周期时间
 422   1          PWMB_ENO = 0x05;                            //使能PWM6 PWM5端口输出
 423   1          PWMB_BKR = 0x80;                            //使能主输出
 424   1          PWMB_CR1 = 0x01;                            //开始计时
 425   1      }
 426          
C51 COMPILER V9.59.0.0   GP1211AI                                                          05/26/2024 09:56:59 PAGE 8   

 427          void Spi_Init(void)
 428          {
 429   1          // |SPCTL ||| SSIG | SPEN | DORD | MSTR | CPOL | CPHA | SPR[1:0] |
 430   1          // |      |||   1  |   1  |   1  |   1  |   0  |   0  |   11     |
 431   1          //SPR -- 00--/4, 01--/8 , 10--/16 , 11--/2
 432   1          SPCTL = 0xf0;
 433   1          // |SPSTAT||| SPIF | WCOL |  NC  |  NC  |  NC  |  NC  |  NC  |
 434   1          //clear flags
 435   1          SPSTAT = 0xc0;
 436   1      }
 437          
 438          void Timer_0_Init(void)         //188微秒@44.2368MHz
 439          {
 440   1          AUXR &= 0x7F;                       //定时器时钟12T模式
 441   1          TMOD &= 0xF0;                       //设置定时器模式
 442   1          TL0   = 0x4B;                       //设置定时初始值
 443   1          TH0   = 0xFD;                       //设置定时初始值
 444   1          TF0   = 0;                          //清除TF0标志
 445   1          TR0   = 0;                          //定时器0开始计时
 446   1      }
 447          
 448          void Spi_Send_Byte(unsigned char dat)
 449          {
 450   1              SPDAT = dat;            
 451   1          while (!(SPSTAT&0x80)); 
 452   1          SPSTAT = 0xc0;              
 453   1      }
 454                                                                                           
 455          void main(void)
 456          {
 457   1              Disp_Brt_Data = 1;
 458   1          FL_EN = 1;
 459   1          HV_EN = 0;
 460   1          
 461   1          Port_Switch();
 462   1              Gpio_Init();                                    //gpio initialization
 463   1          Timer_0_Init();                                     //timer0 initialization
 464   1              Spi_Init();                                             //spi initialization
 465   1              Pwm_Init();
 466   1      
 467   1              Delay_100mS();                                  //waiting for system stable when powering on
 468   1          ET0 = 1;
 469   1              EA = 1;                                                 //enable global interrupt
 470   1      
 471   1              
 472   1              DP_RAM_CLR();                                   //Clear display ram
 473   1      //      VFD_DISP_ASC57_STR(0,0,"VFD12864 ASC5X7  ");
 474   1      
 475   1      //      VFD_DISP_ASC816_STR(1,0,"VFD12864 ASC8X16");
 476   1      
 477   1      //      Disp_Buf_Update();                              //update
 478   1      
 479   1      //      TR0=1;                                                  //start timer 0 counting for diaplay
 480   1      
 481   1      //      Delay_1S();Delay_1S();Delay_1S();Delay_1S();Delay_1S();
 482   1      
 483   1      //      TR0 = 0;
 484   1      
 485   1              VFD_DISP_PIC_12864(logo_12864); //display logo
 486   1              Disp_Buf_Update();
 487   1      
 488   1              TR0 = 1;
C51 COMPILER V9.59.0.0   GP1211AI                                                          05/26/2024 09:56:59 PAGE 9   

 489   1          
 490   1          FL_EN = 0;
 491   1          Delay_100mS();
 492   1          HV_EN = 1;
 493   1      
 494   1              while(1)
 495   1              {       
 496   2                      if(!K_U)
 497   2                      {
 498   3                              Delay_10mS();
 499   3                              if(!K_U)
 500   3                              {
 501   4                                      Disp_Brt_Data+=10;
 502   4                      if(Disp_Brt_Data>=100) Disp_Brt_Data = 100;
 503   4                                      PWMB_CCR6  = Disp_Brt_Data;
 504   4      
 505   4                              }
 506   3                              while(!K_U);
 507   3                      }
 508   2      
 509   2                      if(!K_D)
 510   2                      {
 511   3                              Delay_10mS();
 512   3                              if(!K_D)
 513   3                              {
 514   4                                      Disp_Brt_Data-=10;
 515   4                                      if(Disp_Brt_Data==0) Disp_Brt_Data = 10;
 516   4                                      PWMB_CCR6  = Disp_Brt_Data;
 517   4                              }
 518   3                              while(!K_D);
 519   3                      }
 520   2                      
 521   2                      VFD_DISP_ASC57(0,0,Disp_Brt_Data/1000 + 0x30);
 522   2                      VFD_DISP_ASC57(0,1,Disp_Brt_Data%1000/100 + 0x30);
 523   2                      VFD_DISP_ASC57(0,2,Disp_Brt_Data%1000%100/10 + 0x30);
 524   2                      VFD_DISP_ASC57(0,3,Disp_Brt_Data%1000%100%10 + 0x30);
 525   2                      Disp_Buf_Update();                              //update
 526   2              Delay_100mS();
 527   2              Disp_Brt_Data++;
 528   2              if(Disp_Brt_Data>200) Disp_Brt_Data = 1;
 529   2      
 530   2              }
 531   1      }


MODULE INFORMATION:   STATIC OVERLAYABLE
   CODE SIZE        =   3197    ----
   CONSTANT SIZE    =   6885    ----
   XDATA SIZE       =   3089    ----
   PDATA SIZE       =   ----    ----
   DATA SIZE        =      4      40
   IDATA SIZE       =   ----    ----
   BIT SIZE         =      1    ----
END OF MODULE INFORMATION.


C51 COMPILATION COMPLETE.  0 WARNING(S),  0 ERROR(S)
